Archive member included to satisfy reference by file (symbol)

/usr/lib/gcc/avr/4.9.2/avr5/libgcc.a(_exit.o)
                              /usr/lib/gcc/avr/4.9.2/../../../avr/lib/avr5/crtatmega16.o (exit)
/usr/lib/gcc/avr/4.9.2/avr5/libgcc.a(_copy_data.o)
                              ./KEYPAD.o (__do_copy_data)
/usr/lib/gcc/avr/4.9.2/avr5/libgcc.a(_clear_bss.o)
                              ./main.o (__do_clear_bss)
/usr/lib/gcc/avr/4.9.2/../../../avr/lib/avr5/libm.a(cmpsf2.o)
                              ./KEYPAD.o (__ltsf2)
/usr/lib/gcc/avr/4.9.2/../../../avr/lib/avr5/libm.a(fixunssfsi.o)
                              ./KEYPAD.o (__fixunssfsi)
/usr/lib/gcc/avr/4.9.2/../../../avr/lib/avr5/libm.a(fp_cmp.o)
                              /usr/lib/gcc/avr/4.9.2/../../../avr/lib/avr5/libm.a(cmpsf2.o) (__fp_cmp)
/usr/lib/gcc/avr/4.9.2/../../../avr/lib/avr5/libm.a(fp_split3.o)
                              /usr/lib/gcc/avr/4.9.2/../../../avr/lib/avr5/libm.a(fixunssfsi.o) (__fp_splitA)
/usr/lib/gcc/avr/4.9.2/../../../avr/lib/avr5/libm.a(fp_zero.o)
                              /usr/lib/gcc/avr/4.9.2/../../../avr/lib/avr5/libm.a(fixunssfsi.o) (__fp_zero)
/usr/lib/gcc/avr/4.9.2/../../../avr/lib/avr5/libm.a(gesf2.o)
                              ./KEYPAD.o (__gtsf2)
/usr/lib/gcc/avr/4.9.2/../../../avr/lib/avr5/libm.a(mulsf3.o)
                              ./KEYPAD.o (__mulsf3)
/usr/lib/gcc/avr/4.9.2/../../../avr/lib/avr5/libm.a(mulsf3x.o)
                              /usr/lib/gcc/avr/4.9.2/../../../avr/lib/avr5/libm.a(mulsf3.o) (__mulsf3x)
/usr/lib/gcc/avr/4.9.2/../../../avr/lib/avr5/libm.a(fp_inf.o)
                              /usr/lib/gcc/avr/4.9.2/../../../avr/lib/avr5/libm.a(mulsf3x.o) (__fp_inf)
/usr/lib/gcc/avr/4.9.2/../../../avr/lib/avr5/libm.a(fp_nan.o)
                              /usr/lib/gcc/avr/4.9.2/../../../avr/lib/avr5/libm.a(mulsf3x.o) (__fp_nan)
/usr/lib/gcc/avr/4.9.2/../../../avr/lib/avr5/libm.a(fp_pscA.o)
                              /usr/lib/gcc/avr/4.9.2/../../../avr/lib/avr5/libm.a(mulsf3x.o) (__fp_pscA)
/usr/lib/gcc/avr/4.9.2/../../../avr/lib/avr5/libm.a(fp_pscB.o)
                              /usr/lib/gcc/avr/4.9.2/../../../avr/lib/avr5/libm.a(mulsf3x.o) (__fp_pscB)
/usr/lib/gcc/avr/4.9.2/../../../avr/lib/avr5/libm.a(fp_round.o)
                              /usr/lib/gcc/avr/4.9.2/../../../avr/lib/avr5/libm.a(mulsf3.o) (__fp_round)
/usr/lib/gcc/avr/4.9.2/../../../avr/lib/avr5/libc.a(sprintf.o)
                              ./lcdlib.o (sprintf)
/usr/lib/gcc/avr/4.9.2/../../../avr/lib/avr5/libc.a(vfprintf_std.o)
                              /usr/lib/gcc/avr/4.9.2/../../../avr/lib/avr5/libc.a(sprintf.o) (vfprintf)
/usr/lib/gcc/avr/4.9.2/../../../avr/lib/avr5/libc.a(strnlen_P.o)
                              /usr/lib/gcc/avr/4.9.2/../../../avr/lib/avr5/libc.a(vfprintf_std.o) (strnlen_P)
/usr/lib/gcc/avr/4.9.2/../../../avr/lib/avr5/libc.a(strnlen.o)
                              /usr/lib/gcc/avr/4.9.2/../../../avr/lib/avr5/libc.a(vfprintf_std.o) (strnlen)
/usr/lib/gcc/avr/4.9.2/../../../avr/lib/avr5/libc.a(fputc.o)
                              /usr/lib/gcc/avr/4.9.2/../../../avr/lib/avr5/libc.a(vfprintf_std.o) (fputc)
/usr/lib/gcc/avr/4.9.2/../../../avr/lib/avr5/libc.a(ultoa_invert.o)
                              /usr/lib/gcc/avr/4.9.2/../../../avr/lib/avr5/libc.a(vfprintf_std.o) (__ultoa_invert)
/usr/lib/gcc/avr/4.9.2/avr5/libgcc.a(_prologue.o)
                              /usr/lib/gcc/avr/4.9.2/../../../avr/lib/avr5/libc.a(sprintf.o) (__prologue_saves__)
/usr/lib/gcc/avr/4.9.2/avr5/libgcc.a(_epilogue.o)
                              /usr/lib/gcc/avr/4.9.2/../../../avr/lib/avr5/libc.a(sprintf.o) (__epilogue_restores__)

Allocating common symbols
Common symbol       size              file

input_hour          0x1               ./main.o
input_sec           0x1               ./main.o
recieve_min         0x1               ./main.o
input_min           0x1               ./main.o
recieve_hour        0x1               ./main.o
recieve_sec         0x1               ./main.o

Memory Configuration

Name             Origin             Length             Attributes
text             0x0000000000000000 0x0000000000020000 xr
data             0x0000000000800060 0x000000000000ffa0 rw !x
eeprom           0x0000000000810000 0x0000000000010000 rw !x
fuse             0x0000000000820000 0x0000000000000400 rw !x
lock             0x0000000000830000 0x0000000000000400 rw !x
signature        0x0000000000840000 0x0000000000000400 rw !x
user_signatures  0x0000000000850000 0x0000000000000400 rw !x
*default*        0x0000000000000000 0xffffffffffffffff

Linker script and memory map

LOAD /usr/lib/gcc/avr/4.9.2/../../../avr/lib/avr5/crtatmega16.o
LOAD ./KEYPAD.o
LOAD ./i2c.o
LOAD ./lcdlib.o
LOAD ./main.o
LOAD ./rtc.o
START GROUP
LOAD /usr/lib/gcc/avr/4.9.2/avr5/libgcc.a
LOAD /usr/lib/gcc/avr/4.9.2/../../../avr/lib/avr5/libm.a
LOAD /usr/lib/gcc/avr/4.9.2/../../../avr/lib/avr5/libc.a
LOAD /usr/lib/gcc/avr/4.9.2/../../../avr/lib/avr5/libatmega16.a
END GROUP

.hash
 *(.hash)

.dynsym
 *(.dynsym)

.dynstr
 *(.dynstr)

.gnu.version
 *(.gnu.version)

.gnu.version_d
 *(.gnu.version_d)

.gnu.version_r
 *(.gnu.version_r)

.rel.init
 *(.rel.init)

.rela.init
 *(.rela.init)

.rel.text
 *(.rel.text)
 *(.rel.text.*)
 *(.rel.gnu.linkonce.t*)

.rela.text
 *(.rela.text)
 *(.rela.text.*)
 *(.rela.gnu.linkonce.t*)

.rel.fini
 *(.rel.fini)

.rela.fini
 *(.rela.fini)

.rel.rodata
 *(.rel.rodata)
 *(.rel.rodata.*)
 *(.rel.gnu.linkonce.r*)

.rela.rodata
 *(.rela.rodata)
 *(.rela.rodata.*)
 *(.rela.gnu.linkonce.r*)

.rel.data
 *(.rel.data)
 *(.rel.data.*)
 *(.rel.gnu.linkonce.d*)

.rela.data
 *(.rela.data)
 *(.rela.data.*)
 *(.rela.gnu.linkonce.d*)

.rel.ctors
 *(.rel.ctors)

.rela.ctors
 *(.rela.ctors)

.rel.dtors
 *(.rel.dtors)

.rela.dtors
 *(.rela.dtors)

.rel.got
 *(.rel.got)

.rela.got
 *(.rela.got)

.rel.bss
 *(.rel.bss)

.rela.bss
 *(.rela.bss)

.rel.plt
 *(.rel.plt)

.rela.plt
 *(.rela.plt)

.text           0x0000000000000000     0x1ce2
 *(.vectors)
 .vectors       0x0000000000000000       0x54 /usr/lib/gcc/avr/4.9.2/../../../avr/lib/avr5/crtatmega16.o
                0x0000000000000000                __vectors
                0x0000000000000000                __vector_default
 *(.vectors)
 *(.progmem.gcc*)
                0x0000000000000054                . = ALIGN (0x2)
                0x0000000000000054                __trampolines_start = .
 *(.trampolines)
 .trampolines   0x0000000000000054        0x0 linker stubs
 *(.trampolines*)
                0x0000000000000054                __trampolines_end = .
 *(.progmem*)
                0x0000000000000054                . = ALIGN (0x2)
 *(.jumptables)
 *(.jumptables*)
 *(.lowtext)
 *(.lowtext*)
                0x0000000000000054                __ctors_start = .
 *(.ctors)
                0x0000000000000054                __ctors_end = .
                0x0000000000000054                __dtors_start = .
 *(.dtors)
                0x0000000000000054                __dtors_end = .
 SORT(*)(.ctors)
 SORT(*)(.dtors)
 *(.init0)
 .init0         0x0000000000000054        0x0 /usr/lib/gcc/avr/4.9.2/../../../avr/lib/avr5/crtatmega16.o
                0x0000000000000054                __init
 *(.init0)
 *(.init1)
 *(.init1)
 *(.init2)
 .init2         0x0000000000000054        0xc /usr/lib/gcc/avr/4.9.2/../../../avr/lib/avr5/crtatmega16.o
 *(.init2)
 *(.init3)
 *(.init3)
 *(.init4)
 .init4         0x0000000000000060       0x16 /usr/lib/gcc/avr/4.9.2/avr5/libgcc.a(_copy_data.o)
                0x0000000000000060                __do_copy_data
 .init4         0x0000000000000076       0x10 /usr/lib/gcc/avr/4.9.2/avr5/libgcc.a(_clear_bss.o)
                0x0000000000000076                __do_clear_bss
 *(.init4)
 *(.init5)
 *(.init5)
 *(.init6)
 *(.init6)
 *(.init7)
 *(.init7)
 *(.init8)
 *(.init8)
 *(.init9)
 .init9         0x0000000000000086        0x8 /usr/lib/gcc/avr/4.9.2/../../../avr/lib/avr5/crtatmega16.o
 *(.init9)
 *(.text)
 .text          0x000000000000008e        0x4 /usr/lib/gcc/avr/4.9.2/../../../avr/lib/avr5/crtatmega16.o
                0x000000000000008e                __vector_1
                0x000000000000008e                __vector_12
                0x000000000000008e                __bad_interrupt
                0x000000000000008e                __vector_6
                0x000000000000008e                __vector_3
                0x000000000000008e                __vector_11
                0x000000000000008e                __vector_13
                0x000000000000008e                __vector_17
                0x000000000000008e                __vector_19
                0x000000000000008e                __vector_7
                0x000000000000008e                __vector_5
                0x000000000000008e                __vector_4
                0x000000000000008e                __vector_9
                0x000000000000008e                __vector_2
                0x000000000000008e                __vector_15
                0x000000000000008e                __vector_8
                0x000000000000008e                __vector_14
                0x000000000000008e                __vector_10
                0x000000000000008e                __vector_16
                0x000000000000008e                __vector_18
                0x000000000000008e                __vector_20
 .text          0x0000000000000092        0x0 ./KEYPAD.o
 .text          0x0000000000000092        0x0 ./i2c.o
 .text          0x0000000000000092        0x0 ./lcdlib.o
 .text          0x0000000000000092        0x0 ./main.o
 .text          0x0000000000000092        0x0 ./rtc.o
 .text          0x0000000000000092        0x0 /usr/lib/gcc/avr/4.9.2/avr5/libgcc.a(_exit.o)
 .text          0x0000000000000092        0x0 /usr/lib/gcc/avr/4.9.2/avr5/libgcc.a(_copy_data.o)
 .text          0x0000000000000092        0x0 /usr/lib/gcc/avr/4.9.2/avr5/libgcc.a(_clear_bss.o)
 .text          0x0000000000000092        0x0 /usr/lib/gcc/avr/4.9.2/../../../avr/lib/avr5/libm.a(cmpsf2.o)
 .text          0x0000000000000092        0x0 /usr/lib/gcc/avr/4.9.2/../../../avr/lib/avr5/libm.a(fixunssfsi.o)
 .text          0x0000000000000092        0x0 /usr/lib/gcc/avr/4.9.2/../../../avr/lib/avr5/libm.a(fp_cmp.o)
 .text          0x0000000000000092        0x0 /usr/lib/gcc/avr/4.9.2/../../../avr/lib/avr5/libm.a(fp_split3.o)
 .text          0x0000000000000092        0x0 /usr/lib/gcc/avr/4.9.2/../../../avr/lib/avr5/libm.a(fp_zero.o)
 .text          0x0000000000000092        0x0 /usr/lib/gcc/avr/4.9.2/../../../avr/lib/avr5/libm.a(gesf2.o)
 .text          0x0000000000000092        0x0 /usr/lib/gcc/avr/4.9.2/../../../avr/lib/avr5/libm.a(mulsf3.o)
 .text          0x0000000000000092        0x0 /usr/lib/gcc/avr/4.9.2/../../../avr/lib/avr5/libm.a(mulsf3x.o)
 .text          0x0000000000000092        0x0 /usr/lib/gcc/avr/4.9.2/../../../avr/lib/avr5/libm.a(fp_inf.o)
 .text          0x0000000000000092        0x0 /usr/lib/gcc/avr/4.9.2/../../../avr/lib/avr5/libm.a(fp_nan.o)
 .text          0x0000000000000092        0x0 /usr/lib/gcc/avr/4.9.2/../../../avr/lib/avr5/libm.a(fp_pscA.o)
 .text          0x0000000000000092        0x0 /usr/lib/gcc/avr/4.9.2/../../../avr/lib/avr5/libm.a(fp_pscB.o)
 .text          0x0000000000000092        0x0 /usr/lib/gcc/avr/4.9.2/../../../avr/lib/avr5/libm.a(fp_round.o)
 .text          0x0000000000000092        0x0 /usr/lib/gcc/avr/4.9.2/../../../avr/lib/avr5/libc.a(sprintf.o)
 .text          0x0000000000000092        0x0 /usr/lib/gcc/avr/4.9.2/../../../avr/lib/avr5/libc.a(vfprintf_std.o)
 .text          0x0000000000000092        0x0 /usr/lib/gcc/avr/4.9.2/../../../avr/lib/avr5/libc.a(strnlen_P.o)
 .text          0x0000000000000092        0x0 /usr/lib/gcc/avr/4.9.2/../../../avr/lib/avr5/libc.a(strnlen.o)
 .text          0x0000000000000092        0x0 /usr/lib/gcc/avr/4.9.2/../../../avr/lib/avr5/libc.a(fputc.o)
 .text          0x0000000000000092        0x0 /usr/lib/gcc/avr/4.9.2/../../../avr/lib/avr5/libc.a(ultoa_invert.o)
 .text          0x0000000000000092        0x0 /usr/lib/gcc/avr/4.9.2/avr5/libgcc.a(_prologue.o)
 .text          0x0000000000000092        0x0 /usr/lib/gcc/avr/4.9.2/avr5/libgcc.a(_epilogue.o)
                0x0000000000000092                . = ALIGN (0x2)
 *(.text.*)
 .text.KEYRead  0x0000000000000092      0x1f2 ./KEYPAD.o
                0x0000000000000092                KEYRead
 .text.getTimeBCD
                0x0000000000000284       0x54 ./KEYPAD.o
                0x0000000000000284                getTimeBCD
 .text.I2C_init
                0x00000000000002d8       0x34 ./i2c.o
                0x00000000000002d8                I2C_init
 .text.I2C_initSlave
                0x000000000000030c       0x32 ./i2c.o
                0x000000000000030c                I2C_initSlave
 .text.I2C_listen
                0x000000000000033e       0x1c ./i2c.o
                0x000000000000033e                I2C_listen
 .text.I2C_start
                0x000000000000035a       0x26 ./i2c.o
                0x000000000000035a                I2C_start
 .text.I2C_stop
                0x0000000000000380       0x18 ./i2c.o
                0x0000000000000380                I2C_stop
 .text.I2C_write
                0x0000000000000398       0x36 ./i2c.o
                0x0000000000000398                I2C_write
 .text.I2C_read
                0x00000000000003ce       0x46 ./i2c.o
                0x00000000000003ce                I2C_read
 .text.LCD_init
                0x0000000000000414       0x3c ./lcdlib.o
                0x0000000000000414                LCD_init
 .text.storeShape
                0x0000000000000450       0x82 ./lcdlib.o
                0x0000000000000450                storeShape
 .text.LCD_command
                0x00000000000004d2      0x3f8 ./lcdlib.o
                0x00000000000004d2                LCD_command
 .text.LCD_Data
                0x00000000000008ca      0x40a ./lcdlib.o
                0x00000000000008ca                LCD_Data
 .text.LCD_goToRowCol
                0x0000000000000cd4      0x13e ./lcdlib.o
                0x0000000000000cd4                LCD_goToRowCol
 .text.LCD_displayCharacter
                0x0000000000000e12       0x1a ./lcdlib.o
                0x0000000000000e12                LCD_displayCharacter
 .text.LCD_displayString
                0x0000000000000e2c       0x3a ./lcdlib.o
                0x0000000000000e2c                LCD_displayString
 .text.LCD_displayStringRowCol
                0x0000000000000e66       0x32 ./lcdlib.o
                0x0000000000000e66                LCD_displayStringRowCol
 .text.LCD_clearScreen
                0x0000000000000e98       0x14 ./lcdlib.o
                0x0000000000000e98                LCD_clearScreen
 .text.LCD_intToString
                0x0000000000000eac       0x82 ./lcdlib.o
                0x0000000000000eac                LCD_intToString
 .text.LCD_intToString2
                0x0000000000000f2e       0x62 ./lcdlib.o
                0x0000000000000f2e                LCD_intToString2
 .text.main     0x0000000000000f90      0x346 ./main.o
                0x0000000000000f90                main
 .text.RTC_init
                0x00000000000012d6       0x2c ./rtc.o
                0x00000000000012d6                RTC_init
 .text.writeRTC
                0x0000000000001302       0x32 ./rtc.o
                0x0000000000001302                writeRTC
 .text.readRTC  0x0000000000001334       0x48 ./rtc.o
                0x0000000000001334                readRTC
 .text.BCDToDecimal
                0x000000000000137c       0x2a ./rtc.o
                0x000000000000137c                BCDToDecimal
 .text.DecimalToBCD
                0x00000000000013a6       0x58 ./rtc.o
                0x00000000000013a6                DecimalToBCD
 .text.setTime  0x00000000000013fe       0x5e ./rtc.o
                0x00000000000013fe                setTime
 .text.getTime  0x000000000000145c       0x9c ./rtc.o
                0x000000000000145c                getTime
 .text.libgcc.mul
                0x00000000000014f8        0x0 /usr/lib/gcc/avr/4.9.2/avr5/libgcc.a(_exit.o)
 .text.libgcc.div
                0x00000000000014f8        0x0 /usr/lib/gcc/avr/4.9.2/avr5/libgcc.a(_exit.o)
 .text.libgcc   0x00000000000014f8        0x0 /usr/lib/gcc/avr/4.9.2/avr5/libgcc.a(_exit.o)
 .text.libgcc.prologue
                0x00000000000014f8        0x0 /usr/lib/gcc/avr/4.9.2/avr5/libgcc.a(_exit.o)
 .text.libgcc.builtins
                0x00000000000014f8        0x0 /usr/lib/gcc/avr/4.9.2/avr5/libgcc.a(_exit.o)
 .text.libgcc.fmul
                0x00000000000014f8        0x0 /usr/lib/gcc/avr/4.9.2/avr5/libgcc.a(_exit.o)
 .text.libgcc.fixed
                0x00000000000014f8        0x0 /usr/lib/gcc/avr/4.9.2/avr5/libgcc.a(_exit.o)
 .text.libgcc.mul
                0x00000000000014f8        0x0 /usr/lib/gcc/avr/4.9.2/avr5/libgcc.a(_copy_data.o)
 .text.libgcc.div
                0x00000000000014f8        0x0 /usr/lib/gcc/avr/4.9.2/avr5/libgcc.a(_copy_data.o)
 .text.libgcc   0x00000000000014f8        0x0 /usr/lib/gcc/avr/4.9.2/avr5/libgcc.a(_copy_data.o)
 .text.libgcc.prologue
                0x00000000000014f8        0x0 /usr/lib/gcc/avr/4.9.2/avr5/libgcc.a(_copy_data.o)
 .text.libgcc.builtins
                0x00000000000014f8        0x0 /usr/lib/gcc/avr/4.9.2/avr5/libgcc.a(_copy_data.o)
 .text.libgcc.fmul
                0x00000000000014f8        0x0 /usr/lib/gcc/avr/4.9.2/avr5/libgcc.a(_copy_data.o)
 .text.libgcc.fixed
                0x00000000000014f8        0x0 /usr/lib/gcc/avr/4.9.2/avr5/libgcc.a(_copy_data.o)
 .text.libgcc.mul
                0x00000000000014f8        0x0 /usr/lib/gcc/avr/4.9.2/avr5/libgcc.a(_clear_bss.o)
 .text.libgcc.div
                0x00000000000014f8        0x0 /usr/lib/gcc/avr/4.9.2/avr5/libgcc.a(_clear_bss.o)
 .text.libgcc   0x00000000000014f8        0x0 /usr/lib/gcc/avr/4.9.2/avr5/libgcc.a(_clear_bss.o)
 .text.libgcc.prologue
                0x00000000000014f8        0x0 /usr/lib/gcc/avr/4.9.2/avr5/libgcc.a(_clear_bss.o)
 .text.libgcc.builtins
                0x00000000000014f8        0x0 /usr/lib/gcc/avr/4.9.2/avr5/libgcc.a(_clear_bss.o)
 .text.libgcc.fmul
                0x00000000000014f8        0x0 /usr/lib/gcc/avr/4.9.2/avr5/libgcc.a(_clear_bss.o)
 .text.libgcc.fixed
                0x00000000000014f8        0x0 /usr/lib/gcc/avr/4.9.2/avr5/libgcc.a(_clear_bss.o)
 .text.avr-libc.fplib
                0x00000000000014f8        0xa /usr/lib/gcc/avr/4.9.2/../../../avr/lib/avr5/libm.a(cmpsf2.o)
                0x00000000000014f8                __lesf2
                0x00000000000014f8                __nesf2
                0x00000000000014f8                __eqsf2
                0x00000000000014f8                __cmpsf2
                0x00000000000014f8                __ltsf2
 .text.avr-libc.fplib
                0x0000000000001502       0x5e /usr/lib/gcc/avr/4.9.2/../../../avr/lib/avr5/libm.a(fixunssfsi.o)
                0x0000000000001502                __fixunssfsi
 .text.avr-libc.fplib
                0x0000000000001560       0x48 /usr/lib/gcc/avr/4.9.2/../../../avr/lib/avr5/libm.a(fp_cmp.o)
                0x0000000000001560                __fp_cmp
 .text.avr-libc.fplib
                0x00000000000015a8       0x44 /usr/lib/gcc/avr/4.9.2/../../../avr/lib/avr5/libm.a(fp_split3.o)
                0x00000000000015a8                __fp_split3
                0x00000000000015b8                __fp_splitA
 .text.avr-libc.fplib
                0x00000000000015ec        0xe /usr/lib/gcc/avr/4.9.2/../../../avr/lib/avr5/libm.a(fp_zero.o)
                0x00000000000015ec                __fp_zero
                0x00000000000015ee                __fp_szero
 .text.avr-libc.fplib
                0x00000000000015fa        0xa /usr/lib/gcc/avr/4.9.2/../../../avr/lib/avr5/libm.a(gesf2.o)
                0x00000000000015fa                __gtsf2
                0x00000000000015fa                __gesf2
 .text.avr-libc.fplib
                0x0000000000001604        0x8 /usr/lib/gcc/avr/4.9.2/../../../avr/lib/avr5/libm.a(mulsf3.o)
                0x0000000000001604                __mulsf3
 .text.avr-libc.fplib
                0x000000000000160c       0xd2 /usr/lib/gcc/avr/4.9.2/../../../avr/lib/avr5/libm.a(mulsf3x.o)
                0x000000000000162a                __mulsf3x
                0x0000000000001630                __mulsf3_pse
 .text.avr-libc.fplib
                0x00000000000016de        0xc /usr/lib/gcc/avr/4.9.2/../../../avr/lib/avr5/libm.a(fp_inf.o)
                0x00000000000016de                __fp_inf
 .text.avr-libc.fplib
                0x00000000000016ea        0x6 /usr/lib/gcc/avr/4.9.2/../../../avr/lib/avr5/libm.a(fp_nan.o)
                0x00000000000016ea                __fp_nan
 .text.avr-libc.fplib
                0x00000000000016f0        0xe /usr/lib/gcc/avr/4.9.2/../../../avr/lib/avr5/libm.a(fp_pscA.o)
                0x00000000000016f0                __fp_pscA
 .text.avr-libc.fplib
                0x00000000000016fe        0xe /usr/lib/gcc/avr/4.9.2/../../../avr/lib/avr5/libm.a(fp_pscB.o)
                0x00000000000016fe                __fp_pscB
 .text.avr-libc.fplib
                0x000000000000170c       0x22 /usr/lib/gcc/avr/4.9.2/../../../avr/lib/avr5/libm.a(fp_round.o)
                0x000000000000170c                __fp_round
 .text.avr-libc
                0x000000000000172e       0x46 /usr/lib/gcc/avr/4.9.2/../../../avr/lib/avr5/libc.a(sprintf.o)
                0x000000000000172e                sprintf
 .text.avr-libc
                0x0000000000001774      0x3a4 /usr/lib/gcc/avr/4.9.2/../../../avr/lib/avr5/libc.a(vfprintf_std.o)
                0x0000000000001774                vfprintf
 .text.avr-libc
                0x0000000000001b18       0x16 /usr/lib/gcc/avr/4.9.2/../../../avr/lib/avr5/libc.a(strnlen_P.o)
                0x0000000000001b18                strnlen_P
 .text.avr-libc
                0x0000000000001b2e       0x16 /usr/lib/gcc/avr/4.9.2/../../../avr/lib/avr5/libc.a(strnlen.o)
                0x0000000000001b2e                strnlen
 .text.avr-libc
                0x0000000000001b44       0x70 /usr/lib/gcc/avr/4.9.2/../../../avr/lib/avr5/libc.a(fputc.o)
                0x0000000000001b44                fputc
 .text.avr-libc
                0x0000000000001bb4       0xbc /usr/lib/gcc/avr/4.9.2/../../../avr/lib/avr5/libc.a(ultoa_invert.o)
                0x0000000000001bb4                __ultoa_invert
 .text.libgcc.mul
                0x0000000000001c70        0x0 /usr/lib/gcc/avr/4.9.2/avr5/libgcc.a(_prologue.o)
 .text.libgcc.div
                0x0000000000001c70        0x0 /usr/lib/gcc/avr/4.9.2/avr5/libgcc.a(_prologue.o)
 .text.libgcc   0x0000000000001c70        0x0 /usr/lib/gcc/avr/4.9.2/avr5/libgcc.a(_prologue.o)
 .text.libgcc.prologue
                0x0000000000001c70       0x38 /usr/lib/gcc/avr/4.9.2/avr5/libgcc.a(_prologue.o)
                0x0000000000001c70                __prologue_saves__
 .text.libgcc.builtins
                0x0000000000001ca8        0x0 /usr/lib/gcc/avr/4.9.2/avr5/libgcc.a(_prologue.o)
 .text.libgcc.fmul
                0x0000000000001ca8        0x0 /usr/lib/gcc/avr/4.9.2/avr5/libgcc.a(_prologue.o)
 .text.libgcc.fixed
                0x0000000000001ca8        0x0 /usr/lib/gcc/avr/4.9.2/avr5/libgcc.a(_prologue.o)
 .text.libgcc.mul
                0x0000000000001ca8        0x0 /usr/lib/gcc/avr/4.9.2/avr5/libgcc.a(_epilogue.o)
 .text.libgcc.div
                0x0000000000001ca8        0x0 /usr/lib/gcc/avr/4.9.2/avr5/libgcc.a(_epilogue.o)
 .text.libgcc   0x0000000000001ca8        0x0 /usr/lib/gcc/avr/4.9.2/avr5/libgcc.a(_epilogue.o)
 .text.libgcc.prologue
                0x0000000000001ca8       0x36 /usr/lib/gcc/avr/4.9.2/avr5/libgcc.a(_epilogue.o)
                0x0000000000001ca8                __epilogue_restores__
 .text.libgcc.builtins
                0x0000000000001cde        0x0 /usr/lib/gcc/avr/4.9.2/avr5/libgcc.a(_epilogue.o)
 .text.libgcc.fmul
                0x0000000000001cde        0x0 /usr/lib/gcc/avr/4.9.2/avr5/libgcc.a(_epilogue.o)
 .text.libgcc.fixed
                0x0000000000001cde        0x0 /usr/lib/gcc/avr/4.9.2/avr5/libgcc.a(_epilogue.o)
                0x0000000000001cde                . = ALIGN (0x2)
 *(.fini9)
 .fini9         0x0000000000001cde        0x0 /usr/lib/gcc/avr/4.9.2/avr5/libgcc.a(_exit.o)
                0x0000000000001cde                exit
                0x0000000000001cde                _exit
 *(.fini9)
 *(.fini8)
 *(.fini8)
 *(.fini7)
 *(.fini7)
 *(.fini6)
 *(.fini6)
 *(.fini5)
 *(.fini5)
 *(.fini4)
 *(.fini4)
 *(.fini3)
 *(.fini3)
 *(.fini2)
 *(.fini2)
 *(.fini1)
 *(.fini1)
 *(.fini0)
 .fini0         0x0000000000001cde        0x4 /usr/lib/gcc/avr/4.9.2/avr5/libgcc.a(_exit.o)
 *(.fini0)
                0x0000000000001ce2                _etext = .

.data           0x0000000000800060       0x36 load address 0x0000000000001ce2
                0x0000000000800060                PROVIDE (__data_start, .)
 *(.data)
 .data          0x0000000000800060        0x0 /usr/lib/gcc/avr/4.9.2/../../../avr/lib/avr5/crtatmega16.o
 .data          0x0000000000800060        0x0 ./KEYPAD.o
 .data          0x0000000000800060        0x0 ./i2c.o
 .data          0x0000000000800060        0x0 ./lcdlib.o
 .data          0x0000000000800060        0x0 ./main.o
 .data          0x0000000000800060        0x0 ./rtc.o
 .data          0x0000000000800060        0x0 /usr/lib/gcc/avr/4.9.2/avr5/libgcc.a(_exit.o)
 .data          0x0000000000800060        0x0 /usr/lib/gcc/avr/4.9.2/avr5/libgcc.a(_copy_data.o)
 .data          0x0000000000800060        0x0 /usr/lib/gcc/avr/4.9.2/avr5/libgcc.a(_clear_bss.o)
 .data          0x0000000000800060        0x0 /usr/lib/gcc/avr/4.9.2/../../../avr/lib/avr5/libm.a(cmpsf2.o)
 .data          0x0000000000800060        0x0 /usr/lib/gcc/avr/4.9.2/../../../avr/lib/avr5/libm.a(fixunssfsi.o)
 .data          0x0000000000800060        0x0 /usr/lib/gcc/avr/4.9.2/../../../avr/lib/avr5/libm.a(fp_cmp.o)
 .data          0x0000000000800060        0x0 /usr/lib/gcc/avr/4.9.2/../../../avr/lib/avr5/libm.a(fp_split3.o)
 .data          0x0000000000800060        0x0 /usr/lib/gcc/avr/4.9.2/../../../avr/lib/avr5/libm.a(fp_zero.o)
 .data          0x0000000000800060        0x0 /usr/lib/gcc/avr/4.9.2/../../../avr/lib/avr5/libm.a(gesf2.o)
 .data          0x0000000000800060        0x0 /usr/lib/gcc/avr/4.9.2/../../../avr/lib/avr5/libm.a(mulsf3.o)
 .data          0x0000000000800060        0x0 /usr/lib/gcc/avr/4.9.2/../../../avr/lib/avr5/libm.a(mulsf3x.o)
 .data          0x0000000000800060        0x0 /usr/lib/gcc/avr/4.9.2/../../../avr/lib/avr5/libm.a(fp_inf.o)
 .data          0x0000000000800060        0x0 /usr/lib/gcc/avr/4.9.2/../../../avr/lib/avr5/libm.a(fp_nan.o)
 .data          0x0000000000800060        0x0 /usr/lib/gcc/avr/4.9.2/../../../avr/lib/avr5/libm.a(fp_pscA.o)
 .data          0x0000000000800060        0x0 /usr/lib/gcc/avr/4.9.2/../../../avr/lib/avr5/libm.a(fp_pscB.o)
 .data          0x0000000000800060        0x0 /usr/lib/gcc/avr/4.9.2/../../../avr/lib/avr5/libm.a(fp_round.o)
 .data          0x0000000000800060        0x0 /usr/lib/gcc/avr/4.9.2/../../../avr/lib/avr5/libc.a(sprintf.o)
 .data          0x0000000000800060        0x0 /usr/lib/gcc/avr/4.9.2/../../../avr/lib/avr5/libc.a(vfprintf_std.o)
 .data          0x0000000000800060        0x0 /usr/lib/gcc/avr/4.9.2/../../../avr/lib/avr5/libc.a(strnlen_P.o)
 .data          0x0000000000800060        0x0 /usr/lib/gcc/avr/4.9.2/../../../avr/lib/avr5/libc.a(strnlen.o)
 .data          0x0000000000800060        0x0 /usr/lib/gcc/avr/4.9.2/../../../avr/lib/avr5/libc.a(fputc.o)
 .data          0x0000000000800060        0x0 /usr/lib/gcc/avr/4.9.2/../../../avr/lib/avr5/libc.a(ultoa_invert.o)
 .data          0x0000000000800060        0x0 /usr/lib/gcc/avr/4.9.2/avr5/libgcc.a(_prologue.o)
 .data          0x0000000000800060        0x0 /usr/lib/gcc/avr/4.9.2/avr5/libgcc.a(_epilogue.o)
 *(.data*)
 *(.rodata)
 .rodata        0x0000000000800060        0xc ./KEYPAD.o
 .rodata        0x000000000080006c       0x17 ./lcdlib.o
 .rodata        0x0000000000800083       0x13 ./main.o
 *(.rodata*)
 *(.gnu.linkonce.d*)
                0x0000000000800096                . = ALIGN (0x2)
                0x0000000000800096                _edata = .
                0x0000000000800096                PROVIDE (__data_end, .)

.bss            0x0000000000800096        0x6
                0x0000000000800096                PROVIDE (__bss_start, .)
 *(.bss)
 .bss           0x0000000000800096        0x0 /usr/lib/gcc/avr/4.9.2/../../../avr/lib/avr5/crtatmega16.o
 .bss           0x0000000000800096        0x0 ./KEYPAD.o
 .bss           0x0000000000800096        0x0 ./i2c.o
 .bss           0x0000000000800096        0x0 ./lcdlib.o
 .bss           0x0000000000800096        0x0 ./main.o
 .bss           0x0000000000800096        0x0 ./rtc.o
 .bss           0x0000000000800096        0x0 /usr/lib/gcc/avr/4.9.2/avr5/libgcc.a(_exit.o)
 .bss           0x0000000000800096        0x0 /usr/lib/gcc/avr/4.9.2/avr5/libgcc.a(_copy_data.o)
 .bss           0x0000000000800096        0x0 /usr/lib/gcc/avr/4.9.2/avr5/libgcc.a(_clear_bss.o)
 .bss           0x0000000000800096        0x0 /usr/lib/gcc/avr/4.9.2/../../../avr/lib/avr5/libm.a(cmpsf2.o)
 .bss           0x0000000000800096        0x0 /usr/lib/gcc/avr/4.9.2/../../../avr/lib/avr5/libm.a(fixunssfsi.o)
 .bss           0x0000000000800096        0x0 /usr/lib/gcc/avr/4.9.2/../../../avr/lib/avr5/libm.a(fp_cmp.o)
 .bss           0x0000000000800096        0x0 /usr/lib/gcc/avr/4.9.2/../../../avr/lib/avr5/libm.a(fp_split3.o)
 .bss           0x0000000000800096        0x0 /usr/lib/gcc/avr/4.9.2/../../../avr/lib/avr5/libm.a(fp_zero.o)
 .bss           0x0000000000800096        0x0 /usr/lib/gcc/avr/4.9.2/../../../avr/lib/avr5/libm.a(gesf2.o)
 .bss           0x0000000000800096        0x0 /usr/lib/gcc/avr/4.9.2/../../../avr/lib/avr5/libm.a(mulsf3.o)
 .bss           0x0000000000800096        0x0 /usr/lib/gcc/avr/4.9.2/../../../avr/lib/avr5/libm.a(mulsf3x.o)
 .bss           0x0000000000800096        0x0 /usr/lib/gcc/avr/4.9.2/../../../avr/lib/avr5/libm.a(fp_inf.o)
 .bss           0x0000000000800096        0x0 /usr/lib/gcc/avr/4.9.2/../../../avr/lib/avr5/libm.a(fp_nan.o)
 .bss           0x0000000000800096        0x0 /usr/lib/gcc/avr/4.9.2/../../../avr/lib/avr5/libm.a(fp_pscA.o)
 .bss           0x0000000000800096        0x0 /usr/lib/gcc/avr/4.9.2/../../../avr/lib/avr5/libm.a(fp_pscB.o)
 .bss           0x0000000000800096        0x0 /usr/lib/gcc/avr/4.9.2/../../../avr/lib/avr5/libm.a(fp_round.o)
 .bss           0x0000000000800096        0x0 /usr/lib/gcc/avr/4.9.2/../../../avr/lib/avr5/libc.a(sprintf.o)
 .bss           0x0000000000800096        0x0 /usr/lib/gcc/avr/4.9.2/../../../avr/lib/avr5/libc.a(vfprintf_std.o)
 .bss           0x0000000000800096        0x0 /usr/lib/gcc/avr/4.9.2/../../../avr/lib/avr5/libc.a(strnlen_P.o)
 .bss           0x0000000000800096        0x0 /usr/lib/gcc/avr/4.9.2/../../../avr/lib/avr5/libc.a(strnlen.o)
 .bss           0x0000000000800096        0x0 /usr/lib/gcc/avr/4.9.2/../../../avr/lib/avr5/libc.a(fputc.o)
 .bss           0x0000000000800096        0x0 /usr/lib/gcc/avr/4.9.2/../../../avr/lib/avr5/libc.a(ultoa_invert.o)
 .bss           0x0000000000800096        0x0 /usr/lib/gcc/avr/4.9.2/avr5/libgcc.a(_prologue.o)
 .bss           0x0000000000800096        0x0 /usr/lib/gcc/avr/4.9.2/avr5/libgcc.a(_epilogue.o)
 *(.bss*)
 *(COMMON)
 COMMON         0x0000000000800096        0x6 ./main.o
                0x0000000000800096                input_hour
                0x0000000000800097                input_sec
                0x0000000000800098                recieve_min
                0x0000000000800099                input_min
                0x000000000080009a                recieve_hour
                0x000000000080009b                recieve_sec
                0x000000000080009c                PROVIDE (__bss_end, .)
                0x0000000000001ce2                __data_load_start = LOADADDR (.data)
                0x0000000000001d18                __data_load_end = (__data_load_start + SIZEOF (.data))

.noinit         0x000000000080009c        0x0
                0x000000000080009c                PROVIDE (__noinit_start, .)
 *(.noinit*)
                0x000000000080009c                PROVIDE (__noinit_end, .)
                0x000000000080009c                _end = .
                0x000000000080009c                PROVIDE (__heap_start, .)

.eeprom         0x0000000000810000        0x0
 *(.eeprom*)
                0x0000000000810000                __eeprom_end = .

.fuse
 *(.fuse)
 *(.lfuse)
 *(.hfuse)
 *(.efuse)

.lock
 *(.lock*)

.signature
 *(.signature*)

.user_signatures
 *(.user_signatures*)

.stab           0x0000000000000000     0x2754
 *(.stab)
 .stab          0x0000000000000000      0x708 ./KEYPAD.o
 .stab          0x0000000000000708      0x4ec ./i2c.o
                                        0x6b4 (size before relaxing)
 .stab          0x0000000000000bf4      0xe58 ./lcdlib.o
                                       0x1020 (size before relaxing)
 .stab          0x0000000000001a4c      0x630 ./main.o
                                        0x8b8 (size before relaxing)
 .stab          0x000000000000207c      0x6d8 ./rtc.o
                                        0x8ac (size before relaxing)

.stabstr        0x0000000000000000     0x1316
 *(.stabstr)
 .stabstr       0x0000000000000000     0x1316 ./KEYPAD.o

.stab.excl
 *(.stab.excl)

.stab.exclstr
 *(.stab.exclstr)

.stab.index
 *(.stab.index)

.stab.indexstr
 *(.stab.indexstr)

.comment        0x0000000000000000       0x11
 *(.comment)
 .comment       0x0000000000000000       0x11 ./KEYPAD.o
                                         0x12 (size before relaxing)
 .comment       0x0000000000000011       0x12 ./i2c.o
 .comment       0x0000000000000011       0x12 ./lcdlib.o
 .comment       0x0000000000000011       0x12 ./main.o
 .comment       0x0000000000000011       0x12 ./rtc.o
 .comment       0x0000000000000011       0x12 /usr/lib/gcc/avr/4.9.2/../../../avr/lib/avr5/libc.a(sprintf.o)
 .comment       0x0000000000000011       0x12 /usr/lib/gcc/avr/4.9.2/../../../avr/lib/avr5/libc.a(vfprintf_std.o)
 .comment       0x0000000000000011       0x12 /usr/lib/gcc/avr/4.9.2/../../../avr/lib/avr5/libc.a(fputc.o)

.note.gnu.avr.deviceinfo
                0x0000000000000000       0x3c
 .note.gnu.avr.deviceinfo
                0x0000000000000000       0x3c /usr/lib/gcc/avr/4.9.2/../../../avr/lib/avr5/crtatmega16.o

.note.gnu.build-id
 *(.note.gnu.build-id)

.debug
 *(.debug)

.line
 *(.line)

.debug_srcinfo
 *(.debug_srcinfo)

.debug_sfnames
 *(.debug_sfnames)

.debug_aranges
 *(.debug_aranges)

.debug_pubnames
 *(.debug_pubnames)

.debug_info
 *(.debug_info .gnu.linkonce.wi.*)

.debug_abbrev
 *(.debug_abbrev)

.debug_line
 *(.debug_line .debug_line.* .debug_line_end)

.debug_frame
 *(.debug_frame)

.debug_str
 *(.debug_str)

.debug_loc
 *(.debug_loc)

.debug_macinfo
 *(.debug_macinfo)

.debug_weaknames
 *(.debug_weaknames)

.debug_funcnames
 *(.debug_funcnames)

.debug_typenames
 *(.debug_typenames)

.debug_varnames
 *(.debug_varnames)

.debug_pubtypes
 *(.debug_pubtypes)

.debug_ranges
 *(.debug_ranges)

.debug_macro
 *(.debug_macro)
OUTPUT(problem2.elf elf32-avr)
LOAD linker stubs
